RESULT REGISTER 1

RESULT LOGIN 1

RESULT CREATE channel1 1

RESULT CREATE channel2 1

