RESULT REGISTER 1

RESULT LOGIN 1

RESULT CREATE sdn 1

RESULT CREATE kdfnd 1

RESULT CREATE hkgj 1

