RESULT REGISTER 1

RESULT LOGIN 1

RESULT CREATE channel4 1

RESULT JOIN channel4 1

RECV test5 channel4 hi this is from test

