RESULT REGISTER 1

RESULT LOGIN 1

RESULT CREATE channel3 1

RESULT JOIN channel3 1

